[    2119ms] [WARNING] <meta name="apple-mobile-web-app-capable" content="yes"> is deprecated. Please include <meta name="mobile-web-app-capable" content="yes"> @ http://localhost:3000/:0
[    3723ms] [WARNING] <meta name="apple-mobile-web-app-capable" content="yes"> is deprecated. Please include <meta name="mobile-web-app-capable" content="yes"> @ http://localhost:3000/:0
[    4101ms] [INFO] %cDownload the React DevTools for a better development experience: https://react.dev/link/react-devtools font-weight:bold @ http://localhost:3000/node_modules/.vite/deps/react-dom_client.js?v=9c1a6b7d:14337
[    4724ms] [LOG] %c[Vercel Web Analytics]%c Debug mode is enabled by default in development. No requests will be sent to the server. color: rgb(120, 120, 120) color: inherit @ http://localhost:3000/src/lib/i18n/runtime.ts:63
[    4725ms] [LOG] %c[Vercel Web Analytics]%c [view] http://localhost:3000/ color: rgb(120, 120, 120) color: inherit {o: http://localhost:3000/, sv: 0.1.3, sdkn: @vercel/analytics/react, sdkv: 2.0.1, ts: 1784219226722} /_vercel/insights/view @ http://localhost:3000/src/lib/i18n/runtime.ts:63
[    4731ms] [LOG] %c[Vercel Speed Insights]%c Debug mode is enabled by default in development. No requests will be sent to the server. color: rgb(120, 120, 120) color: inherit @ http://localhost:3000/src/lib/i18n/runtime.ts:63
[   13899ms] [LOG] %c[Vercel Speed Insights]%c [vitals] color: rgb(120, 120, 120) color: inherit {speed: 4g, metrics: Array(3), scriptVersion: 0.1.3, sdkName: @vercel/speed-insights/react, sdkVersion: 2.0.0} /_vercel/speed-insights/vitals @ http://localhost:3000/src/lib/i18n/runtime.ts:63
[   13900ms] [LOG] %c[Vercel Web Analytics]%c [view] http://localhost:3000/signup color: rgb(120, 120, 120) color: inherit {o: http://localhost:3000/signup, sv: 0.1.3, sdkn: @vercel/analytics/react, sdkv: 2.0.1, ts: 1784219235896} /_vercel/insights/view @ http://localhost:3000/src/lib/i18n/runtime.ts:63
[   18419ms] [LOG] %c[Vercel Speed Insights]%c [vitals] color: rgb(120, 120, 120) color: inherit {speed: 4g, metrics: Array(1), scriptVersion: 0.1.3, sdkName: @vercel/speed-insights/react, sdkVersion: 2.0.0} /_vercel/speed-insights/vitals @ http://localhost:3000/src/lib/i18n/runtime.ts:63
[   18419ms] [LOG] %c[Vercel Web Analytics]%c [view] http://localhost:3000/login color: rgb(120, 120, 120) color: inherit {o: http://localhost:3000/login, sv: 0.1.3, sdkn: @vercel/analytics/react, sdkv: 2.0.1, ts: 1784219240417} /_vercel/insights/view @ http://localhost:3000/src/lib/i18n/runtime.ts:63
[   68752ms] [LOG] %c[Vercel Web Analytics]%c [view] http://localhost:3000/signup color: rgb(120, 120, 120) color: inherit {o: http://localhost:3000/signup, sv: 0.1.3, sdkn: @vercel/analytics/react, sdkv: 2.0.1, ts: 1784219290749} /_vercel/insights/view @ http://localhost:3000/src/lib/i18n/runtime.ts:63
[   97274ms] [ERROR] Failed to load resource: the server responded with a status of 403 (FORBIDDEN) @ http://localhost:3000/api/auth/sign-up/email:0
[   97342ms] [ERROR] %c[Server]%c color: #9333ea; font-weight: bold; color: inherit; 2026-07-16T16:28:39.263Z ERROR [Better Auth]: Invalid origin: http://localhost:3000 @ http://localhost:3000/@vite/client:509
[  142072ms] [LOG] [vite] server connection lost. Polling for restart... @ http://localhost:3000/src/lib/i18n/runtime.ts:63
[  142076ms] [ERROR] Failed to load resource: net::ERR_INCOMPLETE_CHUNKED_ENCODING @ http://localhost:3000/__tsd/console-pipe/sse:0
[  142175ms] [ERROR] Failed to load resource: net::ERR_CONNECTION_REFUSED @ http://localhost:3000/__tsd/console-pipe:0
[  145078ms] [ERROR] Failed to load resource: net::ERR_CONNECTION_REFUSED @ http://localhost:3000/__tsd/console-pipe/sse:0
[  148080ms] [ERROR] Failed to load resource: net::ERR_CONNECTION_REFUSED @ http://localhost:3000/__tsd/console-pipe/sse:0
[  153839ms] [WARNING] <meta name="apple-mobile-web-app-capable" content="yes"> is deprecated. Please include <meta name="mobile-web-app-capable" content="yes"> @ http://localhost:3000/signup:0
[  154619ms] [INFO] %cDownload the React DevTools for a better development experience: https://react.dev/link/react-devtools font-weight:bold @ http://localhost:3000/node_modules/.vite/deps/react-dom_client.js?v=9c1a6b7d:14337
[  154721ms] [LOG] %c[Vercel Web Analytics]%c Debug mode is enabled by default in development. No requests will be sent to the server. color: rgb(120, 120, 120) color: inherit @ http://localhost:3000/src/lib/i18n/runtime.ts:63
[  154721ms] [LOG] %c[Vercel Web Analytics]%c [view] http://localhost:3000/signup color: rgb(120, 120, 120) color: inherit {o: http://localhost:3000/signup, sv: 0.1.3, sdkn: @vercel/analytics/react, sdkv: 2.0.1, ts: 1784219376718} /_vercel/insights/view @ http://localhost:3000/src/lib/i18n/runtime.ts:63
[  154721ms] [LOG] %c[Vercel Speed Insights]%c Debug mode is enabled by default in development. No requests will be sent to the server. color: rgb(120, 120, 120) color: inherit @ http://localhost:3000/src/lib/i18n/runtime.ts:63
